// Jest Snapshot v1, https://goo.gl/fbAQLP

exports[`should render correctly 1`] = `
<footer
  className="footer"
>
  <p
    className="footer-text"
  >
    Created with ðŸ’– by Henry and Victor at Microverse Inc., US.
  </p>
</footer>
`;
